---
source: tests/api/observability/metrics.rs
expression: labels
snapshot_kind: text
---
{
  "method": "GET",
  "path": "/health",
  "status": "200"
}
