---
source: tests/api/model/tests.rs
expression: body_json
input_file: tests/api/model/snapshot_inputs/create_draft.json
snapshot_kind: text
---
{
  "data": {
    "createDraft": {
      "id": 1,
      "title": "Draft title"
    }
  },
  "extensions": {
    "traceId": "[traceId]"
  }
}
